2026-04-06 19:52:05 [EXCEPTION] SQLSTATE[28000] [1045] Access denied for user 'sc2tasq5564_estimia'@'localhost' (using password: NO) in /home/sc2tasq5564/sites/bordeaux/core/includes/database.php:24
Stack trace:
#0 /home/sc2tasq5564/sites/bordeaux/core/includes/database.php(24): PDO->__construct()
#1 /home/sc2tasq5564/sites/bordeaux/core/admin/index.php(15): Database::getConnection()
#2 {main}

2026-04-06 20:40:10 [EXCEPTION] SQLSTATE[28000] [1045] Access denied for user 'sc2tasq5564_estimia'@'localhost' (using password: NO) in /home/sc2tasq5564/sites/bordeaux/core/includes/database.php:24
Stack trace:
#0 /home/sc2tasq5564/sites/bordeaux/core/includes/database.php(24): PDO->__construct()
#1 /home/sc2tasq5564/sites/bordeaux/core/admin/index.php(15): Database::getConnection()
#2 {main}

2026-04-06 21:19:03 [WARNING] Undefined variable $villesNettoyees in /home/sc2tasq5564/sites/nantes/core/index.php:27
2026-04-06 21:19:03 [EXCEPTION] array_unique(): Argument #1 ($array) must be of type array, null given in /home/sc2tasq5564/sites/nantes/core/index.php:27
Stack trace:
#0 /home/sc2tasq5564/sites/nantes/core/index.php(27): array_unique()
#1 /home/sc2tasq5564/sites/nantes/index.php(5): require('/home/sc2tasq55...')
#2 {main}

2026-04-06 21:24:14 [WARNING] Undefined variable $villesNettoyees in /home/sc2tasq5564/sites/nantes/core/index.php:27
2026-04-06 21:24:14 [EXCEPTION] array_unique(): Argument #1 ($array) must be of type array, null given in /home/sc2tasq5564/sites/nantes/core/index.php:27
Stack trace:
#0 /home/sc2tasq5564/sites/nantes/core/index.php(27): array_unique()
#1 /home/sc2tasq5564/sites/nantes/index.php(5): require('/home/sc2tasq55...')
#2 {main}

2026-04-06 21:24:59 [WARNING] Undefined variable $villesNettoyees in /home/sc2tasq5564/sites/nantes/core/index.php:27
2026-04-06 21:24:59 [EXCEPTION] array_unique(): Argument #1 ($array) must be of type array, null given in /home/sc2tasq5564/sites/nantes/core/index.php:27
Stack trace:
#0 /home/sc2tasq5564/sites/nantes/core/index.php(27): array_unique()
#1 /home/sc2tasq5564/sites/nantes/index.php(5): require('/home/sc2tasq55...')
#2 {main}

2026-04-06 21:26:39 [WARNING] Undefined variable $villesNettoyees in /home/sc2tasq5564/sites/nantes/index.php:27
2026-04-06 21:26:39 [EXCEPTION] array_unique(): Argument #1 ($array) must be of type array, null given in /home/sc2tasq5564/sites/nantes/index.php:27
Stack trace:
#0 /home/sc2tasq5564/sites/nantes/index.php(27): array_unique()
#1 {main}

2026-04-06 21:26:45 [WARNING] Undefined variable $villesNettoyees in /home/sc2tasq5564/sites/nantes/index.php:27
2026-04-06 21:26:46 [EXCEPTION] array_unique(): Argument #1 ($array) must be of type array, null given in /home/sc2tasq5564/sites/nantes/index.php:27
Stack trace:
#0 /home/sc2tasq5564/sites/nantes/index.php(27): array_unique()
#1 {main}

2026-04-06 21:28:59 [WARNING] Undefined variable $villesNettoyees in /home/sc2tasq5564/sites/nantes/index.php:27
2026-04-06 21:28:59 [EXCEPTION] array_unique(): Argument #1 ($array) must be of type array, null given in /home/sc2tasq5564/sites/nantes/index.php:27
Stack trace:
#0 /home/sc2tasq5564/sites/nantes/index.php(27): array_unique()
#1 {main}

2026-04-06 21:30:01 [WARNING] Undefined variable $villesNettoyees in /home/sc2tasq5564/sites/nantes/index.php:27
2026-04-06 21:30:01 [EXCEPTION] array_unique(): Argument #1 ($array) must be of type array, null given in /home/sc2tasq5564/sites/nantes/index.php:27
Stack trace:
#0 /home/sc2tasq5564/sites/nantes/index.php(27): array_unique()
#1 {main}

2026-04-06 21:30:02 [WARNING] Undefined variable $villesNettoyees in /home/sc2tasq5564/sites/nantes/index.php:27
2026-04-06 21:30:02 [EXCEPTION] array_unique(): Argument #1 ($array) must be of type array, null given in /home/sc2tasq5564/sites/nantes/index.php:27
Stack trace:
#0 /home/sc2tasq5564/sites/nantes/index.php(27): array_unique()
#1 {main}

2026-04-06 21:30:03 [WARNING] Undefined variable $villesNettoyees in /home/sc2tasq5564/sites/nantes/index.php:27
2026-04-06 21:30:03 [EXCEPTION] array_unique(): Argument #1 ($array) must be of type array, null given in /home/sc2tasq5564/sites/nantes/index.php:27
Stack trace:
#0 /home/sc2tasq5564/sites/nantes/index.php(27): array_unique()
#1 {main}

2026-04-06 21:30:04 [WARNING] Undefined variable $villesNettoyees in /home/sc2tasq5564/sites/nantes/index.php:27
2026-04-06 21:30:04 [EXCEPTION] array_unique(): Argument #1 ($array) must be of type array, null given in /home/sc2tasq5564/sites/nantes/index.php:27
Stack trace:
#0 /home/sc2tasq5564/sites/nantes/index.php(27): array_unique()
#1 {main}

2026-04-06 21:30:05 [WARNING] Undefined variable $villesNettoyees in /home/sc2tasq5564/sites/nantes/index.php:27
2026-04-06 21:30:05 [EXCEPTION] array_unique(): Argument #1 ($array) must be of type array, null given in /home/sc2tasq5564/sites/nantes/index.php:27
Stack trace:
#0 /home/sc2tasq5564/sites/nantes/index.php(27): array_unique()
#1 {main}

2026-04-06 21:30:05 [WARNING] Undefined variable $villesNettoyees in /home/sc2tasq5564/sites/nantes/index.php:27
2026-04-06 21:30:05 [EXCEPTION] array_unique(): Argument #1 ($array) must be of type array, null given in /home/sc2tasq5564/sites/nantes/index.php:27
Stack trace:
#0 /home/sc2tasq5564/sites/nantes/index.php(27): array_unique()
#1 {main}

2026-04-06 21:30:06 [WARNING] Undefined variable $villesNettoyees in /home/sc2tasq5564/sites/nantes/index.php:27
2026-04-06 21:30:06 [EXCEPTION] array_unique(): Argument #1 ($array) must be of type array, null given in /home/sc2tasq5564/sites/nantes/index.php:27
Stack trace:
#0 /home/sc2tasq5564/sites/nantes/index.php(27): array_unique()
#1 {main}

2026-04-06 21:30:07 [WARNING] Undefined variable $villesNettoyees in /home/sc2tasq5564/sites/nantes/index.php:27
2026-04-06 21:30:07 [EXCEPTION] array_unique(): Argument #1 ($array) must be of type array, null given in /home/sc2tasq5564/sites/nantes/index.php:27
Stack trace:
#0 /home/sc2tasq5564/sites/nantes/index.php(27): array_unique()
#1 {main}

2026-04-06 21:30:08 [WARNING] Undefined variable $villesNettoyees in /home/sc2tasq5564/sites/nantes/index.php:27
2026-04-06 21:30:08 [EXCEPTION] array_unique(): Argument #1 ($array) must be of type array, null given in /home/sc2tasq5564/sites/nantes/index.php:27
Stack trace:
#0 /home/sc2tasq5564/sites/nantes/index.php(27): array_unique()
#1 {main}

2026-04-06 21:30:09 [WARNING] Undefined variable $villesNettoyees in /home/sc2tasq5564/sites/nantes/index.php:27
2026-04-06 21:30:09 [EXCEPTION] array_unique(): Argument #1 ($array) must be of type array, null given in /home/sc2tasq5564/sites/nantes/index.php:27
Stack trace:
#0 /home/sc2tasq5564/sites/nantes/index.php(27): array_unique()
#1 {main}

2026-04-06 21:30:09 [WARNING] Undefined variable $villesNettoyees in /home/sc2tasq5564/sites/nantes/index.php:27
2026-04-06 21:30:09 [EXCEPTION] array_unique(): Argument #1 ($array) must be of type array, null given in /home/sc2tasq5564/sites/nantes/index.php:27
Stack trace:
#0 /home/sc2tasq5564/sites/nantes/index.php(27): array_unique()
#1 {main}

2026-04-06 21:30:10 [WARNING] Undefined variable $villesNettoyees in /home/sc2tasq5564/sites/nantes/index.php:27
2026-04-06 21:30:10 [EXCEPTION] array_unique(): Argument #1 ($array) must be of type array, null given in /home/sc2tasq5564/sites/nantes/index.php:27
Stack trace:
#0 /home/sc2tasq5564/sites/nantes/index.php(27): array_unique()
#1 {main}

2026-04-06 21:30:10 [WARNING] Undefined variable $villesNettoyees in /home/sc2tasq5564/sites/nantes/index.php:27
2026-04-06 21:30:10 [EXCEPTION] array_unique(): Argument #1 ($array) must be of type array, null given in /home/sc2tasq5564/sites/nantes/index.php:27
Stack trace:
#0 /home/sc2tasq5564/sites/nantes/index.php(27): array_unique()
#1 {main}

2026-04-06 21:30:10 [WARNING] Undefined variable $villesNettoyees in /home/sc2tasq5564/sites/nantes/index.php:27
2026-04-06 21:30:10 [EXCEPTION] array_unique(): Argument #1 ($array) must be of type array, null given in /home/sc2tasq5564/sites/nantes/index.php:27
Stack trace:
#0 /home/sc2tasq5564/sites/nantes/index.php(27): array_unique()
#1 {main}

